// Jest Snapshot v1, https://goo.gl/fbAQLP

exports[`wcIntrinsic section: no slot 1`] = `
"
          <style>
            div {
              font-size: 100px;
            }
          </style>
          <div>Hello</div>
        "
`;

exports[`wcIntrinsic section: no slot 2`] = `""`;

exports[`wcIntrinsic supported section: no slot 1`] = `
"
            <style>
              div {
                font-size: 100px;
              }
            </style>
            <div>Hello</div>
          "
`;

exports[`wcIntrinsic supported section: no slot 2`] = `""`;
